// Jest Snapshot v1, https://goo.gl/fbAQLP

exports[`Test pure functions App Component should render correctly 1`] = `
<div>
  <div>
    <div>
      <div>
        <div
          className=""
        >
          <div
            className="container homepage-nav d-flex text-white justify-content-between align-items-center"
          >
            <p
              className="fs-4"
            >
              Weather Predictor
            </p>
            <p
              className="fs-4"
            >
              Wednesday
            </p>
            <div
              className="d-flex my-auto gap-2"
            >
              <svg
                className="fs-5"
                fill="currentColor"
                height="1em"
                stroke="currentColor"
                strokeWidth="0"
                style={
                  Object {
                    "color": undefined,
                  }
                }
                viewBox="0 0 20 20"
                width="1em"
                xmlns="http://www.w3.org/2000/svg"
              >
                <path
                  clipRule="evenodd"
                  d="M7 4a3 3 0 016 0v4a3 3 0 11-6 0V4zm4 10.93A7.001 7.001 0 0017 8a1 1 0 10-2 0A5 5 0 015 8a1 1 0 00-2 0 7.001 7.001 0 006 6.93V17H6a1 1 0 100 2h8a1 1 0 100-2h-3v-2.07z"
                  fillRule="evenodd"
                />
              </svg>
              <svg
                className="fs-5"
                fill="none"
                height="1em"
                stroke="currentColor"
                strokeLinecap="round"
                strokeLinejoin="round"
                strokeWidth="2"
                style={
                  Object {
                    "color": undefined,
                  }
                }
                viewBox="0 0 24 24"
                width="1em"
                xmlns="http://www.w3.org/2000/svg"
              >
                <circle
                  cx="12"
                  cy="12"
                  r="3"
                />
                <path
                  d="M19.4 15a1.65 1.65 0 0 0 .33 1.82l.06.06a2 2 0 0 1 0 2.83 2 2 0 0 1-2.83 0l-.06-.06a1.65 1.65 0 0 0-1.82-.33 1.65 1.65 0 0 0-1 1.51V21a2 2 0 0 1-2 2 2 2 0 0 1-2-2v-.09A1.65 1.65 0 0 0 9 19.4a1.65 1.65 0 0 0-1.82.33l-.06.06a2 2 0 0 1-2.83 0 2 2 0 0 1 0-2.83l.06-.06a1.65 1.65 0 0 0 .33-1.82 1.65 1.65 0 0 0-1.51-1H3a2 2 0 0 1-2-2 2 2 0 0 1 2-2h.09A1.65 1.65 0 0 0 4.6 9a1.65 1.65 0 0 0-.33-1.82l-.06-.06a2 2 0 0 1 0-2.83 2 2 0 0 1 2.83 0l.06.06a1.65 1.65 0 0 0 1.82.33H9a1.65 1.65 0 0 0 1-1.51V3a2 2 0 0 1 2-2 2 2 0 0 1 2 2v.09a1.65 1.65 0 0 0 1 1.51 1.65 1.65 0 0 0 1.82-.33l.06-.06a2 2 0 0 1 2.83 0 2 2 0 0 1 0 2.83l-.06.06a1.65 1.65 0 0 0-.33 1.82V9a1.65 1.65 0 0 0 1.51 1H21a2 2 0 0 1 2 2 2 2 0 0 1-2 2h-.09a1.65 1.65 0 0 0-1.51 1z"
                />
              </svg>
            </div>
          </div>
          <div
            className="container homepage-top d-flex justify-content-between"
          >
            <div
              className="homepage-top-left w-50"
            >
              <div
                className="overlay"
              />
            </div>
            <div
              className="homepage-top-right w-50"
            >
              <div
                className="overlay-right"
              >
                <div
                  className="text-white text-end pt-5 pe-3"
                >
                  GET THE REAL-TIME
                  <br />
                   
                  WEATHER UPDATES
                </div>
              </div>
            </div>
          </div>
        </div>
      </div>
      <div
        className="container text-white py-2 stats d-flex justify-content-center gap-5 align-items-center"
      >
        <span>
          UPDATES BY MAJOR CITIES
        </span>
        <input
          className="search-field"
          onChange={[Function]}
          placeholder="Type your city"
          type="text"
        />
      </div>
      <div
        className="container cities-cards"
      >
        <div
          className="d-flex container flex-wrap mx-4"
        >
          <div
            className="row text-white col-4"
          >
            <div
              className="city"
            >
              <div
                className="card rounded-0"
              >
                <div
                  className="card-body"
                >
                  <div
                    className="text-end"
                  >
                    <svg
                      fill="currentColor"
                      height="1em"
                      onClick={[Function]}
                      stroke="currentColor"
                      strokeWidth="0"
                      style={
                        Object {
                          "color": undefined,
                        }
                      }
                      viewBox="0 0 16 16"
                      width="1em"
                      xmlns="http://www.w3.org/2000/svg"
                    >
                      <path
                        d="M1 8a7 7 0 1 0 14 0A7 7 0 0 0 1 8zm15 0A8 8 0 1 1 0 8a8 8 0 0 1 16 0zM4.5 7.5a.5.5 0 0 0 0 1h5.793l-2.147 2.146a.5.5 0 0 0 .708.708l3-3a.5.5 0 0 0 0-.708l-3-3a.5.5 0 1 0-.708.708L10.293 7.5H4.5z"
                        fillRule="evenodd"
                      />
                    </svg>
                  </div>
                  <div
                    className="text-wrap text-end"
                  >
                    <h5
                      className="card-title"
                    >
                      Moscow
                    </h5>
                    <p
                      className="card-text"
                    >
                      -3.3
                      °C
                      <br />
                      Snow, Partially cloudy
                    </p>
                  </div>
                </div>
              </div>
            </div>
          </div>
          <div
            className="row text-white col-4"
          >
            <div
              className="city"
            >
              <div
                className="card rounded-0"
              >
                <div
                  className="card-body"
                >
                  <div
                    className="text-end"
                  >
                    <svg
                      fill="currentColor"
                      height="1em"
                      onClick={[Function]}
                      stroke="currentColor"
                      strokeWidth="0"
                      style={
                        Object {
                          "color": undefined,
                        }
                      }
                      viewBox="0 0 16 16"
                      width="1em"
                      xmlns="http://www.w3.org/2000/svg"
                    >
                      <path
                        d="M1 8a7 7 0 1 0 14 0A7 7 0 0 0 1 8zm15 0A8 8 0 1 1 0 8a8 8 0 0 1 16 0zM4.5 7.5a.5.5 0 0 0 0 1h5.793l-2.147 2.146a.5.5 0 0 0 .708.708l3-3a.5.5 0 0 0 0-.708l-3-3a.5.5 0 1 0-.708.708L10.293 7.5H4.5z"
                        fillRule="evenodd"
                      />
                    </svg>
                  </div>
                  <div
                    className="text-wrap text-end"
                  >
                    <h5
                      className="card-title"
                    >
                      London
                    </h5>
                    <p
                      className="card-text"
                    >
                      7.5
                      °C
                      <br />
                      Partially cloudy
                    </p>
                  </div>
                </div>
              </div>
            </div>
          </div>
          <div
            className="row text-white col-4"
          >
            <div
              className="city"
            >
              <div
                className="card rounded-0"
              >
                <div
                  className="card-body"
                >
                  <div
                    className="text-end"
                  >
                    <svg
                      fill="currentColor"
                      height="1em"
                      onClick={[Function]}
                      stroke="currentColor"
                      strokeWidth="0"
                      style={
                        Object {
                          "color": undefined,
                        }
                      }
                      viewBox="0 0 16 16"
                      width="1em"
                      xmlns="http://www.w3.org/2000/svg"
                    >
                      <path
                        d="M1 8a7 7 0 1 0 14 0A7 7 0 0 0 1 8zm15 0A8 8 0 1 1 0 8a8 8 0 0 1 16 0zM4.5 7.5a.5.5 0 0 0 0 1h5.793l-2.147 2.146a.5.5 0 0 0 .708.708l3-3a.5.5 0 0 0 0-.708l-3-3a.5.5 0 1 0-.708.708L10.293 7.5H4.5z"
                        fillRule="evenodd"
                      />
                    </svg>
                  </div>
                  <div
                    className="text-wrap text-end"
                  >
                    <h5
                      className="card-title"
                    >
                      Paris
                    </h5>
                    <p
                      className="card-text"
                    >
                      5.4
                      °C
                      <br />
                      Partially cloudy
                    </p>
                  </div>
                </div>
              </div>
            </div>
          </div>
          <div
            className="row text-white col-4"
          >
            <div
              className="city"
            >
              <div
                className="card rounded-0"
              >
                <div
                  className="card-body"
                >
                  <div
                    className="text-end"
                  >
                    <svg
                      fill="currentColor"
                      height="1em"
                      onClick={[Function]}
                      stroke="currentColor"
                      strokeWidth="0"
                      style={
                        Object {
                          "color": undefined,
                        }
                      }
                      viewBox="0 0 16 16"
                      width="1em"
                      xmlns="http://www.w3.org/2000/svg"
                    >
                      <path
                        d="M1 8a7 7 0 1 0 14 0A7 7 0 0 0 1 8zm15 0A8 8 0 1 1 0 8a8 8 0 0 1 16 0zM4.5 7.5a.5.5 0 0 0 0 1h5.793l-2.147 2.146a.5.5 0 0 0 .708.708l3-3a.5.5 0 0 0 0-.708l-3-3a.5.5 0 1 0-.708.708L10.293 7.5H4.5z"
                        fillRule="evenodd"
                      />
                    </svg>
                  </div>
                  <div
                    className="text-wrap text-end"
                  >
                    <h5
                      className="card-title"
                    >
                      Cairo
                    </h5>
                    <p
                      className="card-text"
                    >
                      12.7
                      °C
                      <br />
                      Partially cloudy
                    </p>
                  </div>
                </div>
              </div>
            </div>
          </div>
          <div
            className="row text-white col-4"
          >
            <div
              className="city"
            >
              <div
                className="card rounded-0"
              >
                <div
                  className="card-body"
                >
                  <div
                    className="text-end"
                  >
                    <svg
                      fill="currentColor"
                      height="1em"
                      onClick={[Function]}
                      stroke="currentColor"
                      strokeWidth="0"
                      style={
                        Object {
                          "color": undefined,
                        }
                      }
                      viewBox="0 0 16 16"
                      width="1em"
                      xmlns="http://www.w3.org/2000/svg"
                    >
                      <path
                        d="M1 8a7 7 0 1 0 14 0A7 7 0 0 0 1 8zm15 0A8 8 0 1 1 0 8a8 8 0 0 1 16 0zM4.5 7.5a.5.5 0 0 0 0 1h5.793l-2.147 2.146a.5.5 0 0 0 .708.708l3-3a.5.5 0 0 0 0-.708l-3-3a.5.5 0 1 0-.708.708L10.293 7.5H4.5z"
                        fillRule="evenodd"
                      />
                    </svg>
                  </div>
                  <div
                    className="text-wrap text-end"
                  >
                    <h5
                      className="card-title"
                    >
                      Dubai
                    </h5>
                    <p
                      className="card-text"
                    >
                      25.7
                      °C
                      <br />
                      Clear
                    </p>
                  </div>
                </div>
              </div>
            </div>
          </div>
          <div
            className="row text-white col-4"
          >
            <div
              className="city"
            >
              <div
                className="card rounded-0"
              >
                <div
                  className="card-body"
                >
                  <div
                    className="text-end"
                  >
                    <svg
                      fill="currentColor"
                      height="1em"
                      onClick={[Function]}
                      stroke="currentColor"
                      strokeWidth="0"
                      style={
                        Object {
                          "color": undefined,
                        }
                      }
                      viewBox="0 0 16 16"
                      width="1em"
                      xmlns="http://www.w3.org/2000/svg"
                    >
                      <path
                        d="M1 8a7 7 0 1 0 14 0A7 7 0 0 0 1 8zm15 0A8 8 0 1 1 0 8a8 8 0 0 1 16 0zM4.5 7.5a.5.5 0 0 0 0 1h5.793l-2.147 2.146a.5.5 0 0 0 .708.708l3-3a.5.5 0 0 0 0-.708l-3-3a.5.5 0 1 0-.708.708L10.293 7.5H4.5z"
                        fillRule="evenodd"
                      />
                    </svg>
                  </div>
                  <div
                    className="text-wrap text-end"
                  >
                    <h5
                      className="card-title"
                    >
                      Kigali
                    </h5>
                    <p
                      className="card-text"
                    >
                      22.7
                      °C
                      <br />
                      Partially cloudy
                    </p>
                  </div>
                </div>
              </div>
            </div>
          </div>
          <div
            className="row text-white col-4"
          >
            <div
              className="city"
            >
              <div
                className="card rounded-0"
              >
                <div
                  className="card-body"
                >
                  <div
                    className="text-end"
                  >
                    <svg
                      fill="currentColor"
                      height="1em"
                      onClick={[Function]}
                      stroke="currentColor"
                      strokeWidth="0"
                      style={
                        Object {
                          "color": undefined,
                        }
                      }
                      viewBox="0 0 16 16"
                      width="1em"
                      xmlns="http://www.w3.org/2000/svg"
                    >
                      <path
                        d="M1 8a7 7 0 1 0 14 0A7 7 0 0 0 1 8zm15 0A8 8 0 1 1 0 8a8 8 0 0 1 16 0zM4.5 7.5a.5.5 0 0 0 0 1h5.793l-2.147 2.146a.5.5 0 0 0 .708.708l3-3a.5.5 0 0 0 0-.708l-3-3a.5.5 0 1 0-.708.708L10.293 7.5H4.5z"
                        fillRule="evenodd"
                      />
                    </svg>
                  </div>
                  <div
                    className="text-wrap text-end"
                  >
                    <h5
                      className="card-title"
                    >
                      Madrid
                    </h5>
                    <p
                      className="card-text"
                    >
                      8.4
                      °C
                      <br />
                      Partially cloudy
                    </p>
                  </div>
                </div>
              </div>
            </div>
          </div>
          <div
            className="row text-white col-4"
          >
            <div
              className="city"
            >
              <div
                className="card rounded-0"
              >
                <div
                  className="card-body"
                >
                  <div
                    className="text-end"
                  >
                    <svg
                      fill="currentColor"
                      height="1em"
                      onClick={[Function]}
                      stroke="currentColor"
                      strokeWidth="0"
                      style={
                        Object {
                          "color": undefined,
                        }
                      }
                      viewBox="0 0 16 16"
                      width="1em"
                      xmlns="http://www.w3.org/2000/svg"
                    >
                      <path
                        d="M1 8a7 7 0 1 0 14 0A7 7 0 0 0 1 8zm15 0A8 8 0 1 1 0 8a8 8 0 0 1 16 0zM4.5 7.5a.5.5 0 0 0 0 1h5.793l-2.147 2.146a.5.5 0 0 0 .708.708l3-3a.5.5 0 0 0 0-.708l-3-3a.5.5 0 1 0-.708.708L10.293 7.5H4.5z"
                        fillRule="evenodd"
                      />
                    </svg>
                  </div>
                  <div
                    className="text-wrap text-end"
                  >
                    <h5
                      className="card-title"
                    >
                      New York
                    </h5>
                    <p
                      className="card-text"
                    >
                      11.2
                      °C
                      <br />
                      Partially cloudy
                    </p>
                  </div>
                </div>
              </div>
            </div>
          </div>
          <div
            className="row text-white col-4"
          >
            <div
              className="city"
            >
              <div
                className="card rounded-0"
              >
                <div
                  className="card-body"
                >
                  <div
                    className="text-end"
                  >
                    <svg
                      fill="currentColor"
                      height="1em"
                      onClick={[Function]}
                      stroke="currentColor"
                      strokeWidth="0"
                      style={
                        Object {
                          "color": undefined,
                        }
                      }
                      viewBox="0 0 16 16"
                      width="1em"
                      xmlns="http://www.w3.org/2000/svg"
                    >
                      <path
                        d="M1 8a7 7 0 1 0 14 0A7 7 0 0 0 1 8zm15 0A8 8 0 1 1 0 8a8 8 0 0 1 16 0zM4.5 7.5a.5.5 0 0 0 0 1h5.793l-2.147 2.146a.5.5 0 0 0 .708.708l3-3a.5.5 0 0 0 0-.708l-3-3a.5.5 0 1 0-.708.708L10.293 7.5H4.5z"
                        fillRule="evenodd"
                      />
                    </svg>
                  </div>
                  <div
                    className="text-wrap text-end"
                  >
                    <h5
                      className="card-title"
                    >
                      Roma
                    </h5>
                    <p
                      className="card-text"
                    >
                      7.9
                      °C
                      <br />
                      Partially cloudy
                    </p>
                  </div>
                </div>
              </div>
            </div>
          </div>
        </div>
      </div>
    </div>
  </div>
</div>
`;
